---
http_interactions:
- request:
    method: get
    uri: http://:AwdhihciTgORGUjnkuk1vg%3D%3D@sandbox.charging.financeconnect.com.br:8080/account/
    body:
      encoding: US-ASCII
      string: ''
    headers:
      Accept:
      - application/json
      Accept-Encoding:
      - gzip, deflate
      Content-Type:
      - application/json
      User-Agent:
      - Charging Ruby Client v0.0.1
  response:
    status:
      code: 200
      message: OK
    headers:
      Cache-Control:
      - no-cache
      Content-Type:
      - application/json
      Date:
      - Mon, 14 Oct 2013 22:05:07 GMT
      Expires:
      - Mon, 14 Oct 2013 22:05:06 GMT
      Link:
      - <http://sandbox.charging.financeconnect.com.br/account/domains/>; rel=domains
      Server:
      - nginx/1.1.19
      Content-Length:
      - '209'
      Connection:
      - keep-alive
    body:
      encoding: UTF-8
      string: '{"plan": "full", "uri": "http://sandbox.app.passaporteweb.com.br/organizations/api/accounts/3a0676fb-6639-466a-ac35-9ea7c5f67386/",
        "uuid": "3a0676fb-6639-466a-ac35-9ea7c5f67386", "name": "Teste cliente Ruby"}'
    http_version: 
  recorded_at: Mon, 14 Oct 2013 22:05:11 GMT
- request:
    method: post
    uri: http://:AwdhihciTgORGUjnkuk1vg%3D%3D@sandbox.charging.financeconnect.com.br:8080/account/domains/
    body:
      encoding: UTF-8
      string: '{"supplier_name":"Springfield Elemenary School","address":"1608 Florida
        Avenue","city_state":"Greenwood/SC","zipcode":"29646","national_identifier":"00384926960601","description":"The
        mission of Greenwood School District 50 is to educate all students to become
        responsible and productive citizens."}'
    headers:
      Accept:
      - application/json
      Accept-Encoding:
      - gzip, deflate
      Content-Type:
      - application/json
      User-Agent:
      - Charging Ruby Client v0.0.1
      Content-Length:
      - '299'
  response:
    status:
      code: 201
      message: CREATED
    headers:
      Content-Type:
      - text/html; charset=utf-8
      Date:
      - Mon, 14 Oct 2013 22:05:12 GMT
      Link:
      - <http://sandbox.charging.financeconnect.com.br/account/domains/965da891-63a8-4a47-9738-84dbb0249d73/>;
        rel=domain, <http://sandbox.charging.financeconnect.com.br/account/domains/>;
        rel=domains
      Location:
      - http://sandbox.charging.financeconnect.com.br/account/domains/965da891-63a8-4a47-9738-84dbb0249d73/
      Server:
      - nginx/1.1.19
      Content-Length:
      - '7'
      Connection:
      - keep-alive
    body:
      encoding: UTF-8
      string: CREATED
    http_version: 
  recorded_at: Mon, 14 Oct 2013 22:05:16 GMT
- request:
    method: get
    uri: http://:AwdhihciTgORGUjnkuk1vg%3D%3D@sandbox.charging.financeconnect.com.br:8080/account/domains/965da891-63a8-4a47-9738-84dbb0249d73/
    body:
      encoding: US-ASCII
      string: ''
    headers:
      Accept:
      - application/json
      Accept-Encoding:
      - gzip, deflate
      Content-Type:
      - application/json
      User-Agent:
      - Charging Ruby Client v0.0.1
  response:
    status:
      code: 200
      message: OK
    headers:
      Cache-Control:
      - no-cache
      Content-Type:
      - application/json
      Date:
      - Mon, 14 Oct 2013 22:05:17 GMT
      Etag:
      - '"ce63beb0c79d44a132a27b58440db0d2030865dd"'
      Expires:
      - Mon, 14 Oct 2013 22:05:16 GMT
      Link:
      - <http://sandbox.charging.financeconnect.com.br/charge-accounts/>; rel=charge_accounts,
        <http://sandbox.charging.financeconnect.com.br/account/domains/>; rel=domains,
        <http://sandbox.charging.financeconnect.com.br/domain/>; rel=domain, <http://sandbox.charging.financeconnect.com.br/account/>;
        rel=service_account
      Server:
      - nginx/1.1.19
      Content-Length:
      - '561'
      Connection:
      - keep-alive
    body:
      encoding: UTF-8
      string: '{"uuid": "965da891-63a8-4a47-9738-84dbb0249d73", "uri": "http://sandbox.charging.financeconnect.com.br/account/domains/965da891-63a8-4a47-9738-84dbb0249d73/",
        "supplier_name": "Springfield Elemenary School", "zipcode": "29646", "city_state":
        "Greenwood/SC", "token": "+7R0C6HcQrKKXETzCAQcvw==", "etag": "ce63beb0c79d44a132a27b58440db0d2030865dd",
        "national_identifier": "00.384.926/9606-01", "address": "1608 Florida Avenue",
        "description": "The mission of Greenwood School District 50 is to educate
        all students to become responsible and productive citizens."}'
    http_version: 
  recorded_at: Mon, 14 Oct 2013 22:05:17 GMT
- request:
    method: post
    uri: http://:%2B7R0C6HcQrKKXETzCAQcvw%3D%3D@sandbox.charging.financeconnect.com.br:8080/charge-accounts/
    body:
      encoding: UTF-8
      string: '{"account":{"number":"12345","digit":"6"},"agency":{"number":"12345","digit":"6"},"name":"Conta
        de cobrança","portfolio_code":"25","address":null,"zipcode":null,"sequence_numbers":null,"currency":9,"agreement_code":"12345","supplier_name":null,"advance_days":null,"bank":"237","our_number_range":null,"default_charging_features":null,"city_state":null}'
    headers:
      Accept:
      - application/json
      Accept-Encoding:
      - gzip, deflate
      Content-Type:
      - application/json
      User-Agent:
      - Charging Ruby Client v0.0.1
      Content-Length:
      - '353'
  response:
    status:
      code: 201
      message: CREATED
    headers:
      Content-Type:
      - text/html; charset=utf-8
      Date:
      - Mon, 14 Oct 2013 22:05:18 GMT
      Link:
      - <http://sandbox.charging.financeconnect.com.br/charge-accounts/3c2db06e-a7f1-4b68-ab81-b831ded06f8e/>;
        rel=charge_account, <http://sandbox.charging.financeconnect.com.br/charge-accounts/>;
        rel=charge_accounts
      Location:
      - http://sandbox.charging.financeconnect.com.br/charge-accounts/3c2db06e-a7f1-4b68-ab81-b831ded06f8e/
      Server:
      - nginx/1.1.19
      Content-Length:
      - '7'
      Connection:
      - keep-alive
    body:
      encoding: UTF-8
      string: CREATED
    http_version: 
  recorded_at: Mon, 14 Oct 2013 22:05:18 GMT
- request:
    method: get
    uri: http://:%2B7R0C6HcQrKKXETzCAQcvw%3D%3D@sandbox.charging.financeconnect.com.br:8080/charge-accounts/3c2db06e-a7f1-4b68-ab81-b831ded06f8e/
    body:
      encoding: US-ASCII
      string: ''
    headers:
      Accept:
      - application/json
      Accept-Encoding:
      - gzip, deflate
      Content-Type:
      - application/json
      User-Agent:
      - Charging Ruby Client v0.0.1
  response:
    status:
      code: 200
      message: OK
    headers:
      Cache-Control:
      - no-cache
      Content-Type:
      - application/json
      Date:
      - Mon, 14 Oct 2013 22:05:19 GMT
      Etag:
      - '"03def098fb2b8db04cb6a041f86f1e8824b3c720"'
      Expires:
      - Mon, 14 Oct 2013 22:05:18 GMT
      Link:
      - <http://sandbox.charging.financeconnect.com.br/charge-accounts/3c2db06e-a7f1-4b68-ab81-b831ded06f8e/batches/>;
        rel=batches, <http://sandbox.charging.financeconnect.com.br/charge-accounts/3c2db06e-a7f1-4b68-ab81-b831ded06f8e/batches/return/>;
        rel=return_files, <http://sandbox.charging.financeconnect.com.br/charge-accounts/3c2db06e-a7f1-4b68-ab81-b831ded06f8e/batches/return/>;
        rel=return_cnab, <http://sandbox.charging.financeconnect.com.br/charge-accounts/3c2db06e-a7f1-4b68-ab81-b831ded06f8e/invoices/>;
        rel=invoices
      Server:
      - nginx/1.1.19
      Content-Length:
      - '737'
      Connection:
      - keep-alive
    body:
      encoding: UTF-8
      string: '{"account": {"digit": "6", "number": 12345}, "agency": {"digit": "6",
        "number": 12345}, "name": "Conta de cobran\u00e7a", "etag": "03def098fb2b8db04cb6a041f86f1e8824b3c720",
        "zipcode": "29646", "portfolio_code": "25", "address": "1608 Florida Avenue",
        "city_state": "Greenwood/SC", "uri": "http://sandbox.charging.financeconnect.com.br/charge-accounts/3c2db06e-a7f1-4b68-ab81-b831ded06f8e/",
        "sequence_numbers": [1, 9999999], "currency": 9, "national_identifier": "00.384.926/9606-01",
        "our_number_range": [1, 99999999999999999999], "agreement_code": "12345",
        "default_charging_features": [1, 2, 1, 2, 2], "supplier_name": "Springfield
        Elemenary School", "advance_days": 10, "bank": "237", "uuid": "3c2db06e-a7f1-4b68-ab81-b831ded06f8e"}'
    http_version: 
  recorded_at: Mon, 14 Oct 2013 22:05:19 GMT
- request:
    method: post
    uri: http://:%2B7R0C6HcQrKKXETzCAQcvw%3D%3D@sandbox.charging.financeconnect.com.br:8080/charge-accounts/
    body:
      encoding: UTF-8
      string: '{"account":{"digit":"6","number":12345},"agency":{"digit":"6","number":12345},"name":"Conta
        de cobrança","portfolio_code":"25","address":"1608 Florida Avenue","zipcode":"29646","sequence_numbers":[1,9999999],"currency":9,"agreement_code":"12345","supplier_name":"Springfield
        Elemenary School","advance_days":10,"bank":"237","our_number_range":[1,99999999999999999999],"default_charging_features":[1,2,1,2,2],"city_state":"Greenwood/SC"}'
    headers:
      Accept:
      - application/json
      Accept-Encoding:
      - gzip, deflate
      Content-Type:
      - application/json
      User-Agent:
      - Charging Ruby Client v0.0.1
      Content-Length:
      - '437'
  response:
    status:
      code: 201
      message: CREATED
    headers:
      Content-Type:
      - text/html; charset=utf-8
      Date:
      - Mon, 14 Oct 2013 22:05:20 GMT
      Link:
      - <http://sandbox.charging.financeconnect.com.br/charge-accounts/b4c7ec5b-9959-4333-8e07-4fdd22e2b055/>;
        rel=charge_account, <http://sandbox.charging.financeconnect.com.br/charge-accounts/>;
        rel=charge_accounts
      Location:
      - http://sandbox.charging.financeconnect.com.br/charge-accounts/b4c7ec5b-9959-4333-8e07-4fdd22e2b055/
      Server:
      - nginx/1.1.19
      Content-Length:
      - '7'
      Connection:
      - keep-alive
    body:
      encoding: UTF-8
      string: CREATED
    http_version: 
  recorded_at: Mon, 14 Oct 2013 22:05:20 GMT
- request:
    method: get
    uri: http://:%2B7R0C6HcQrKKXETzCAQcvw%3D%3D@sandbox.charging.financeconnect.com.br:8080/charge-accounts/b4c7ec5b-9959-4333-8e07-4fdd22e2b055/
    body:
      encoding: US-ASCII
      string: ''
    headers:
      Accept:
      - application/json
      Accept-Encoding:
      - gzip, deflate
      Content-Type:
      - application/json
      User-Agent:
      - Charging Ruby Client v0.0.1
  response:
    status:
      code: 200
      message: OK
    headers:
      Cache-Control:
      - no-cache
      Content-Type:
      - application/json
      Date:
      - Mon, 14 Oct 2013 22:05:21 GMT
      Etag:
      - '"f81cdda1da7be4ba1a89090639609b7f33c89441"'
      Expires:
      - Mon, 14 Oct 2013 22:05:20 GMT
      Link:
      - <http://sandbox.charging.financeconnect.com.br/charge-accounts/b4c7ec5b-9959-4333-8e07-4fdd22e2b055/batches/>;
        rel=batches, <http://sandbox.charging.financeconnect.com.br/charge-accounts/b4c7ec5b-9959-4333-8e07-4fdd22e2b055/batches/return/>;
        rel=return_files, <http://sandbox.charging.financeconnect.com.br/charge-accounts/b4c7ec5b-9959-4333-8e07-4fdd22e2b055/batches/return/>;
        rel=return_cnab, <http://sandbox.charging.financeconnect.com.br/charge-accounts/b4c7ec5b-9959-4333-8e07-4fdd22e2b055/invoices/>;
        rel=invoices
      Server:
      - nginx/1.1.19
      Content-Length:
      - '737'
      Connection:
      - keep-alive
    body:
      encoding: UTF-8
      string: '{"account": {"digit": "6", "number": 12345}, "agency": {"digit": "6",
        "number": 12345}, "name": "Conta de cobran\u00e7a", "etag": "f81cdda1da7be4ba1a89090639609b7f33c89441",
        "zipcode": "29646", "portfolio_code": "25", "address": "1608 Florida Avenue",
        "city_state": "Greenwood/SC", "uri": "http://sandbox.charging.financeconnect.com.br/charge-accounts/b4c7ec5b-9959-4333-8e07-4fdd22e2b055/",
        "sequence_numbers": [1, 9999999], "currency": 9, "national_identifier": "00.384.926/9606-01",
        "our_number_range": [1, 99999999999999999999], "agreement_code": "12345",
        "default_charging_features": [1, 2, 1, 2, 2], "supplier_name": "Springfield
        Elemenary School", "advance_days": 10, "bank": "237", "uuid": "b4c7ec5b-9959-4333-8e07-4fdd22e2b055"}'
    http_version: 
  recorded_at: Mon, 14 Oct 2013 22:05:21 GMT
- request:
    method: delete
    uri: http://:%2B7R0C6HcQrKKXETzCAQcvw%3D%3D@sandbox.charging.financeconnect.com.br:8080/charge-accounts/b4c7ec5b-9959-4333-8e07-4fdd22e2b055/
    body:
      encoding: US-ASCII
      string: ''
    headers:
      Accept:
      - application/json
      Accept-Encoding:
      - gzip, deflate
      Content-Type:
      - application/json
      User-Agent:
      - Charging Ruby Client v0.0.1
      If-Match:
      - '"f81cdda1da7be4ba1a89090639609b7f33c89441"'
  response:
    status:
      code: 204
      message: NO CONTENT
    headers:
      Cache-Control:
      - no-cache
      Content-Length:
      - '0'
      Content-Type:
      - text/html; charset=utf-8
      Date:
      - Mon, 14 Oct 2013 22:05:22 GMT
      Expires:
      - Mon, 14 Oct 2013 22:05:21 GMT
      Link:
      - <http://sandbox.charging.financeconnect.com.br/charge-accounts/>; rel=charge_accounts
      Location:
      - http://sandbox.charging.financeconnect.com.br/charge-accounts/
      Server:
      - nginx/1.1.19
      Connection:
      - keep-alive
    body:
      encoding: UTF-8
      string: ''
    http_version: 
  recorded_at: Mon, 14 Oct 2013 22:05:22 GMT
recorded_with: VCR 2.5.0
