---
http_interactions:
- request:
    method: get
    uri: http://:AwdhihciTgORGUjnkuk1vg%3D%3D@sandbox.charging.financeconnect.com.br:8080/account/
    body:
      encoding: US-ASCII
      string: ''
    headers:
      Accept:
      - application/json
      Accept-Encoding:
      - gzip, deflate
      Content-Type:
      - application/json
      User-Agent:
      - Charging Ruby Client v0.0.1
  response:
    status:
      code: 200
      message: OK
    headers:
      Cache-Control:
      - no-cache
      Content-Type:
      - application/json
      Date:
      - Mon, 14 Oct 2013 22:06:41 GMT
      Expires:
      - Mon, 14 Oct 2013 22:06:40 GMT
      Link:
      - <http://sandbox.charging.financeconnect.com.br/account/domains/>; rel=domains
      Server:
      - nginx/1.1.19
      Content-Length:
      - '209'
      Connection:
      - keep-alive
    body:
      encoding: UTF-8
      string: '{"plan": "full", "uri": "http://sandbox.app.passaporteweb.com.br/organizations/api/accounts/3a0676fb-6639-466a-ac35-9ea7c5f67386/",
        "uuid": "3a0676fb-6639-466a-ac35-9ea7c5f67386", "name": "Teste cliente Ruby"}'
    http_version: 
  recorded_at: Mon, 14 Oct 2013 22:06:41 GMT
- request:
    method: post
    uri: http://:AwdhihciTgORGUjnkuk1vg%3D%3D@sandbox.charging.financeconnect.com.br:8080/account/domains/
    body:
      encoding: UTF-8
      string: '{"supplier_name":"Springfield Elemenary School","address":"1608 Florida
        Avenue","city_state":"Greenwood/SC","zipcode":"29646","national_identifier":"34078775192688","description":"The
        mission of Greenwood School District 50 is to educate all students to become
        responsible and productive citizens."}'
    headers:
      Accept:
      - application/json
      Accept-Encoding:
      - gzip, deflate
      Content-Type:
      - application/json
      User-Agent:
      - Charging Ruby Client v0.0.1
      Content-Length:
      - '299'
  response:
    status:
      code: 201
      message: CREATED
    headers:
      Content-Type:
      - text/html; charset=utf-8
      Date:
      - Mon, 14 Oct 2013 22:06:43 GMT
      Link:
      - <http://sandbox.charging.financeconnect.com.br/account/domains/91b9aa56-88a7-45e4-bf5c-980a1828fcd0/>;
        rel=domain, <http://sandbox.charging.financeconnect.com.br/account/domains/>;
        rel=domains
      Location:
      - http://sandbox.charging.financeconnect.com.br/account/domains/91b9aa56-88a7-45e4-bf5c-980a1828fcd0/
      Server:
      - nginx/1.1.19
      Content-Length:
      - '7'
      Connection:
      - keep-alive
    body:
      encoding: UTF-8
      string: CREATED
    http_version: 
  recorded_at: Mon, 14 Oct 2013 22:06:43 GMT
- request:
    method: get
    uri: http://:AwdhihciTgORGUjnkuk1vg%3D%3D@sandbox.charging.financeconnect.com.br:8080/account/domains/91b9aa56-88a7-45e4-bf5c-980a1828fcd0/
    body:
      encoding: US-ASCII
      string: ''
    headers:
      Accept:
      - application/json
      Accept-Encoding:
      - gzip, deflate
      Content-Type:
      - application/json
      User-Agent:
      - Charging Ruby Client v0.0.1
  response:
    status:
      code: 200
      message: OK
    headers:
      Cache-Control:
      - no-cache
      Content-Type:
      - application/json
      Date:
      - Mon, 14 Oct 2013 22:06:43 GMT
      Etag:
      - '"f2235da4065f579cbc6127b59988d95d731eb4d6"'
      Expires:
      - Mon, 14 Oct 2013 22:06:42 GMT
      Link:
      - <http://sandbox.charging.financeconnect.com.br/charge-accounts/>; rel=charge_accounts,
        <http://sandbox.charging.financeconnect.com.br/account/domains/>; rel=domains,
        <http://sandbox.charging.financeconnect.com.br/domain/>; rel=domain, <http://sandbox.charging.financeconnect.com.br/account/>;
        rel=service_account
      Server:
      - nginx/1.1.19
      Content-Length:
      - '561'
      Connection:
      - keep-alive
    body:
      encoding: UTF-8
      string: '{"uuid": "91b9aa56-88a7-45e4-bf5c-980a1828fcd0", "uri": "http://sandbox.charging.financeconnect.com.br/account/domains/91b9aa56-88a7-45e4-bf5c-980a1828fcd0/",
        "supplier_name": "Springfield Elemenary School", "zipcode": "29646", "city_state":
        "Greenwood/SC", "token": "9hblZnc5SyCatX8Cp3vtSg==", "etag": "f2235da4065f579cbc6127b59988d95d731eb4d6",
        "national_identifier": "34.078.775/1926-88", "address": "1608 Florida Avenue",
        "description": "The mission of Greenwood School District 50 is to educate
        all students to become responsible and productive citizens."}'
    http_version: 
  recorded_at: Mon, 14 Oct 2013 22:06:43 GMT
- request:
    method: post
    uri: http://:9hblZnc5SyCatX8Cp3vtSg%3D%3D@sandbox.charging.financeconnect.com.br:8080/charge-accounts/
    body:
      encoding: UTF-8
      string: '{"account":{"number":"12345","digit":"6"},"agency":{"number":"12345","digit":"6"},"name":"Conta
        de cobrança","portfolio_code":"25","address":null,"zipcode":null,"sequence_numbers":null,"currency":9,"agreement_code":"12345","supplier_name":null,"advance_days":null,"bank":"237","our_number_range":null,"default_charging_features":null,"city_state":null}'
    headers:
      Accept:
      - application/json
      Accept-Encoding:
      - gzip, deflate
      Content-Type:
      - application/json
      User-Agent:
      - Charging Ruby Client v0.0.1
      Content-Length:
      - '353'
  response:
    status:
      code: 201
      message: CREATED
    headers:
      Content-Type:
      - text/html; charset=utf-8
      Date:
      - Mon, 14 Oct 2013 22:06:49 GMT
      Link:
      - <http://sandbox.charging.financeconnect.com.br/charge-accounts/8bc83e04-bf8a-4cb1-9f53-cbb477fb780f/>;
        rel=charge_account, <http://sandbox.charging.financeconnect.com.br/charge-accounts/>;
        rel=charge_accounts
      Location:
      - http://sandbox.charging.financeconnect.com.br/charge-accounts/8bc83e04-bf8a-4cb1-9f53-cbb477fb780f/
      Server:
      - nginx/1.1.19
      Content-Length:
      - '7'
      Connection:
      - keep-alive
    body:
      encoding: UTF-8
      string: CREATED
    http_version: 
  recorded_at: Mon, 14 Oct 2013 22:06:53 GMT
- request:
    method: get
    uri: http://:9hblZnc5SyCatX8Cp3vtSg%3D%3D@sandbox.charging.financeconnect.com.br:8080/charge-accounts/8bc83e04-bf8a-4cb1-9f53-cbb477fb780f/
    body:
      encoding: US-ASCII
      string: ''
    headers:
      Accept:
      - application/json
      Accept-Encoding:
      - gzip, deflate
      Content-Type:
      - application/json
      User-Agent:
      - Charging Ruby Client v0.0.1
  response:
    status:
      code: 200
      message: OK
    headers:
      Cache-Control:
      - no-cache
      Content-Type:
      - application/json
      Date:
      - Mon, 14 Oct 2013 22:06:53 GMT
      Etag:
      - '"472d635e3e5a58fedd5f26675db12654149afb22"'
      Expires:
      - Mon, 14 Oct 2013 22:06:52 GMT
      Link:
      - <http://sandbox.charging.financeconnect.com.br/charge-accounts/8bc83e04-bf8a-4cb1-9f53-cbb477fb780f/batches/>;
        rel=batches, <http://sandbox.charging.financeconnect.com.br/charge-accounts/8bc83e04-bf8a-4cb1-9f53-cbb477fb780f/batches/return/>;
        rel=return_files, <http://sandbox.charging.financeconnect.com.br/charge-accounts/8bc83e04-bf8a-4cb1-9f53-cbb477fb780f/batches/return/>;
        rel=return_cnab, <http://sandbox.charging.financeconnect.com.br/charge-accounts/8bc83e04-bf8a-4cb1-9f53-cbb477fb780f/invoices/>;
        rel=invoices
      Server:
      - nginx/1.1.19
      Content-Length:
      - '737'
      Connection:
      - keep-alive
    body:
      encoding: UTF-8
      string: '{"account": {"digit": "6", "number": 12345}, "agency": {"digit": "6",
        "number": 12345}, "name": "Conta de cobran\u00e7a", "etag": "472d635e3e5a58fedd5f26675db12654149afb22",
        "zipcode": "29646", "portfolio_code": "25", "address": "1608 Florida Avenue",
        "city_state": "Greenwood/SC", "uri": "http://sandbox.charging.financeconnect.com.br/charge-accounts/8bc83e04-bf8a-4cb1-9f53-cbb477fb780f/",
        "sequence_numbers": [1, 9999999], "currency": 9, "national_identifier": "34.078.775/1926-88",
        "our_number_range": [1, 99999999999999999999], "agreement_code": "12345",
        "default_charging_features": [1, 2, 1, 2, 2], "supplier_name": "Springfield
        Elemenary School", "advance_days": 10, "bank": "237", "uuid": "8bc83e04-bf8a-4cb1-9f53-cbb477fb780f"}'
    http_version: 
  recorded_at: Mon, 14 Oct 2013 22:06:53 GMT
- request:
    method: post
    uri: http://:9hblZnc5SyCatX8Cp3vtSg%3D%3D@sandbox.charging.financeconnect.com.br:8080/charge-accounts/
    body:
      encoding: UTF-8
      string: '{"account":{"digit":"6","number":12345},"agency":{"digit":"6","number":12345},"name":"Conta
        de cobrança","portfolio_code":"25","address":"1608 Florida Avenue","zipcode":"29646","sequence_numbers":[1,9999999],"currency":9,"agreement_code":"12345","supplier_name":"Springfield
        Elemenary School","advance_days":10,"bank":"237","our_number_range":[1,99999999999999999999],"default_charging_features":[1,2,1,2,2],"city_state":"Greenwood/SC"}'
    headers:
      Accept:
      - application/json
      Accept-Encoding:
      - gzip, deflate
      Content-Type:
      - application/json
      User-Agent:
      - Charging Ruby Client v0.0.1
      Content-Length:
      - '437'
  response:
    status:
      code: 201
      message: CREATED
    headers:
      Content-Type:
      - text/html; charset=utf-8
      Date:
      - Mon, 14 Oct 2013 22:06:54 GMT
      Link:
      - <http://sandbox.charging.financeconnect.com.br/charge-accounts/744cd199-0bd9-4369-9c9f-5763c3123f1a/>;
        rel=charge_account, <http://sandbox.charging.financeconnect.com.br/charge-accounts/>;
        rel=charge_accounts
      Location:
      - http://sandbox.charging.financeconnect.com.br/charge-accounts/744cd199-0bd9-4369-9c9f-5763c3123f1a/
      Server:
      - nginx/1.1.19
      Content-Length:
      - '7'
      Connection:
      - keep-alive
    body:
      encoding: UTF-8
      string: CREATED
    http_version: 
  recorded_at: Mon, 14 Oct 2013 22:06:55 GMT
- request:
    method: get
    uri: http://:9hblZnc5SyCatX8Cp3vtSg%3D%3D@sandbox.charging.financeconnect.com.br:8080/charge-accounts/744cd199-0bd9-4369-9c9f-5763c3123f1a/
    body:
      encoding: US-ASCII
      string: ''
    headers:
      Accept:
      - application/json
      Accept-Encoding:
      - gzip, deflate
      Content-Type:
      - application/json
      User-Agent:
      - Charging Ruby Client v0.0.1
  response:
    status:
      code: 200
      message: OK
    headers:
      Cache-Control:
      - no-cache
      Content-Type:
      - application/json
      Date:
      - Mon, 14 Oct 2013 22:06:56 GMT
      Etag:
      - '"5c484ff7db388a75a88cf7baedbf3b0d344e8676"'
      Expires:
      - Mon, 14 Oct 2013 22:06:55 GMT
      Link:
      - <http://sandbox.charging.financeconnect.com.br/charge-accounts/744cd199-0bd9-4369-9c9f-5763c3123f1a/batches/>;
        rel=batches, <http://sandbox.charging.financeconnect.com.br/charge-accounts/744cd199-0bd9-4369-9c9f-5763c3123f1a/batches/return/>;
        rel=return_files, <http://sandbox.charging.financeconnect.com.br/charge-accounts/744cd199-0bd9-4369-9c9f-5763c3123f1a/batches/return/>;
        rel=return_cnab, <http://sandbox.charging.financeconnect.com.br/charge-accounts/744cd199-0bd9-4369-9c9f-5763c3123f1a/invoices/>;
        rel=invoices
      Server:
      - nginx/1.1.19
      Content-Length:
      - '737'
      Connection:
      - keep-alive
    body:
      encoding: UTF-8
      string: '{"account": {"digit": "6", "number": 12345}, "agency": {"digit": "6",
        "number": 12345}, "name": "Conta de cobran\u00e7a", "etag": "5c484ff7db388a75a88cf7baedbf3b0d344e8676",
        "zipcode": "29646", "portfolio_code": "25", "address": "1608 Florida Avenue",
        "city_state": "Greenwood/SC", "uri": "http://sandbox.charging.financeconnect.com.br/charge-accounts/744cd199-0bd9-4369-9c9f-5763c3123f1a/",
        "sequence_numbers": [1, 9999999], "currency": 9, "national_identifier": "34.078.775/1926-88",
        "our_number_range": [1, 99999999999999999999], "agreement_code": "12345",
        "default_charging_features": [1, 2, 1, 2, 2], "supplier_name": "Springfield
        Elemenary School", "advance_days": 10, "bank": "237", "uuid": "744cd199-0bd9-4369-9c9f-5763c3123f1a"}'
    http_version: 
  recorded_at: Mon, 14 Oct 2013 22:06:57 GMT
recorded_with: VCR 2.5.0
